2023-10-22 02:53:13,373 - test_main - INFO - ROWCOUNT => The count of Source : 311 and Target : 311 Matching : True
2023-10-22 02:53:15,108 - test_main - INFO - DATA MISMATCH : PASSED
2023-10-22 02:53:15,608 - test_main - INFO - DUPLICATES OR NOT : PASSED
2023-10-22 02:53:17,359 - test_main - INFO - NULL CHECK : PASSED
